---
version: 1
interactions:
- request:
    body: '{"changes":[{"add":{"records":[{"data":"100 1 3128 bigbox.example.com.","name":"_proxy-preproduction._tcp","priority":0,"ttl":3600,"type":"SRV","comment":null,"id":""}]}}],"return_all_records":false,"disallow_new_zone_creation":false,"serial":null}'
    form: {}
    headers:
      Content-Type:
      - application/json
      User-Agent:
      - scaleway-sdk-go/v1.0.0-beta.7+dev (go1.20.3; darwin; amd64) terraform-provider/develop
        terraform/terraform-tests
    url: https://api.scaleway.com/domain/v2beta1/dns-zones/test-srv.scaleway-terraform.com/records
    method: PATCH
  response:
    body: '{"records":[{"comment":null,"data":"100 1 3128 bigbox.example.com.","id":"5a550a16-f7b3-4994-aba6-a96e18ec3b4d","name":"_proxy-preproduction._tcp","priority":100,"ttl":3600,"type":"SRV"}]}'
    headers:
      Content-Length:
      - "194"
      Content-Security-Policy:
      - default-src 'none'; frame-ancestors 'none'
      Content-Type:
      - application/json
      Date:
      - Fri, 28 Jul 2023 09:33:37 GMT
      Server:
      - Scaleway API-Gateway
      Strict-Transport-Security:
      - max-age=63072000
      X-Content-Type-Options:
      - nosniff
      X-Frame-Options:
      - DENY
      X-Request-Id:
      - cee84038-b779-41f6-8549-b546d5d359d5
    status: 200 OK
    code: 200
    duration: ""
- request:
    body: ""
    form: {}
    headers:
      User-Agent:
      - scaleway-sdk-go/v1.0.0-beta.7+dev (go1.20.3; darwin; amd64) terraform-provider/develop
        terraform/terraform-tests
    url: https://api.scaleway.com/domain/v2beta1/dns-zones/test-srv.scaleway-terraform.com/records?name=_proxy-preproduction._tcp&order_by=name_asc&type=SRV
    method: GET
  response:
    body: '{"records":[{"comment":null,"data":"100 1 3128 bigbox.example.com.","id":"5a550a16-f7b3-4994-aba6-a96e18ec3b4d","name":"_proxy-preproduction._tcp","priority":100,"ttl":3600,"type":"SRV"}],"total_count":1}'
    headers:
      Content-Length:
      - "211"
      Content-Security-Policy:
      - default-src 'none'; frame-ancestors 'none'
      Content-Type:
      - application/json
      Date:
      - Fri, 28 Jul 2023 09:33:37 GMT
      Server:
      - Scaleway API-Gateway
      Strict-Transport-Security:
      - max-age=63072000
      X-Content-Type-Options:
      - nosniff
      X-Frame-Options:
      - DENY
      X-Request-Id:
      - 9d2ec95c-3ed1-499c-bc55-acc679237bb2
    status: 200 OK
    code: 200
    duration: ""
- request:
    body: ""
    form: {}
    headers:
      User-Agent:
      - scaleway-sdk-go/v1.0.0-beta.7+dev (go1.20.3; darwin; amd64) terraform-provider/develop
        terraform/terraform-tests
    url: https://api.scaleway.com/domain/v2beta1/dns-zones/test-srv.scaleway-terraform.com/records?name=_proxy-preproduction._tcp&order_by=name_asc&page=1&type=SRV
    method: GET
  response:
    body: '{"records":[{"comment":null,"data":"100 1 3128 bigbox.example.com.","id":"5a550a16-f7b3-4994-aba6-a96e18ec3b4d","name":"_proxy-preproduction._tcp","priority":100,"ttl":3600,"type":"SRV"}],"total_count":1}'
    headers:
      Content-Length:
      - "211"
      Content-Security-Policy:
      - default-src 'none'; frame-ancestors 'none'
      Content-Type:
      - application/json
      Date:
      - Fri, 28 Jul 2023 09:33:37 GMT
      Server:
      - Scaleway API-Gateway
      Strict-Transport-Security:
      - max-age=63072000
      X-Content-Type-Options:
      - nosniff
      X-Frame-Options:
      - DENY
      X-Request-Id:
      - 85483ee1-e01b-49e1-917e-4ea85b7db5b2
    status: 200 OK
    code: 200
    duration: ""
- request:
    body: ""
    form: {}
    headers:
      User-Agent:
      - scaleway-sdk-go/v1.0.0-beta.7+dev (go1.20.3; darwin; amd64) terraform-provider/develop
        terraform/terraform-tests
    url: https://api.scaleway.com/domain/v2beta1/dns-zones/test-srv.scaleway-terraform.com/records?id=5a550a16-f7b3-4994-aba6-a96e18ec3b4d&name=&order_by=name_asc&page=1&type=unknown
    method: GET
  response:
    body: '{"records":[{"comment":null,"data":"100 1 3128 bigbox.example.com.","id":"5a550a16-f7b3-4994-aba6-a96e18ec3b4d","name":"_proxy-preproduction._tcp","priority":100,"ttl":3600,"type":"SRV"}],"total_count":1}'
    headers:
      Content-Length:
      - "211"
      Content-Security-Policy:
      - default-src 'none'; frame-ancestors 'none'
      Content-Type:
      - application/json
      Date:
      - Fri, 28 Jul 2023 09:33:37 GMT
      Server:
      - Scaleway API-Gateway
      Strict-Transport-Security:
      - max-age=63072000
      X-Content-Type-Options:
      - nosniff
      X-Frame-Options:
      - DENY
      X-Request-Id:
      - 178967fc-e2eb-4ed4-8c2b-65776a4b1131
    status: 200 OK
    code: 200
    duration: ""
- request:
    body: ""
    form: {}
    headers:
      User-Agent:
      - scaleway-sdk-go/v1.0.0-beta.7+dev (go1.20.3; darwin; amd64) terraform-provider/develop
        terraform/terraform-tests
    url: https://api.scaleway.com/domain/v2beta1/dns-zones?dns_zone=test-srv.scaleway-terraform.com&domain=&order_by=domain_asc&page=1
    method: GET
  response:
    body: '{"dns_zones":[{"domain":"scaleway-terraform.com","message":null,"ns":["ns0.dom.scw.cloud","ns1.dom.scw.cloud"],"ns_default":["ns0.dom.scw.cloud","ns1.dom.scw.cloud"],"ns_master":[],"project_id":"105bdce1-64c0-48ab-899d-868455867ecf","status":"pending","subdomain":"test-srv","updated_at":"2023-07-28T09:33:37Z"}],"total_count":1}'
    headers:
      Content-Length:
      - "340"
      Content-Security-Policy:
      - default-src 'none'; frame-ancestors 'none'
      Content-Type:
      - application/json
      Date:
      - Fri, 28 Jul 2023 09:33:37 GMT
      Server:
      - Scaleway API-Gateway
      Strict-Transport-Security:
      - max-age=63072000
      X-Content-Type-Options:
      - nosniff
      X-Frame-Options:
      - DENY
      X-Request-Id:
      - ef5b4a1d-223a-4cf3-9641-cae202907230
    status: 200 OK
    code: 200
    duration: ""
- request:
    body: ""
    form: {}
    headers:
      User-Agent:
      - scaleway-sdk-go/v1.0.0-beta.7+dev (go1.20.3; darwin; amd64) terraform-provider/develop
        terraform/terraform-tests
    url: https://api.scaleway.com/domain/v2beta1/dns-zones/test-srv.scaleway-terraform.com/records?name=&order_by=name_asc&type=unknown
    method: GET
  response:
    body: '{"records":[{"comment":null,"data":"ns1.dom.scw.cloud.","id":"d053494c-27fc-489b-9702-03e67093ede9","name":"","priority":0,"ttl":1800,"type":"NS"},{"comment":null,"data":"ns0.dom.scw.cloud.","id":"dd872a66-d365-491d-ac73-05c2662300c5","name":"","priority":0,"ttl":1800,"type":"NS"},{"comment":null,"data":"100
      1 3128 bigbox.example.com.","id":"5a550a16-f7b3-4994-aba6-a96e18ec3b4d","name":"_proxy-preproduction._tcp","priority":100,"ttl":3600,"type":"SRV"}],"total_count":3}'
    headers:
      Content-Length:
      - "495"
      Content-Security-Policy:
      - default-src 'none'; frame-ancestors 'none'
      Content-Type:
      - application/json
      Date:
      - Fri, 28 Jul 2023 09:33:38 GMT
      Server:
      - Scaleway API-Gateway
      Strict-Transport-Security:
      - max-age=63072000
      X-Content-Type-Options:
      - nosniff
      X-Frame-Options:
      - DENY
      X-Request-Id:
      - 2abfdbdb-1e11-4cc3-a9e9-7c80833af28f
    status: 200 OK
    code: 200
    duration: ""
- request:
    body: ""
    form: {}
    headers:
      User-Agent:
      - scaleway-sdk-go/v1.0.0-beta.7+dev (go1.20.3; darwin; amd64) terraform-provider/develop
        terraform/terraform-tests
    url: https://api.scaleway.com/domain/v2beta1/dns-zones/test-srv.scaleway-terraform.com/records?id=5a550a16-f7b3-4994-aba6-a96e18ec3b4d&name=_proxy-preproduction._tcp&order_by=name_asc&page=1&type=SRV
    method: GET
  response:
    body: '{"records":[{"comment":null,"data":"100 1 3128 bigbox.example.com.","id":"5a550a16-f7b3-4994-aba6-a96e18ec3b4d","name":"_proxy-preproduction._tcp","priority":100,"ttl":3600,"type":"SRV"}],"total_count":1}'
    headers:
      Content-Length:
      - "211"
      Content-Security-Policy:
      - default-src 'none'; frame-ancestors 'none'
      Content-Type:
      - application/json
      Date:
      - Fri, 28 Jul 2023 09:33:38 GMT
      Server:
      - Scaleway API-Gateway
      Strict-Transport-Security:
      - max-age=63072000
      X-Content-Type-Options:
      - nosniff
      X-Frame-Options:
      - DENY
      X-Request-Id:
      - bdca5dda-b6d5-42e1-92b5-86e62dea4c0d
    status: 200 OK
    code: 200
    duration: ""
- request:
    body: ""
    form: {}
    headers:
      User-Agent:
      - scaleway-sdk-go/v1.0.0-beta.7+dev (go1.20.3; darwin; amd64) terraform-provider/develop
        terraform/terraform-tests
    url: https://api.scaleway.com/domain/v2beta1/dns-zones?dns_zone=test-srv.scaleway-terraform.com&domain=&order_by=domain_asc&page=1
    method: GET
  response:
    body: '{"dns_zones":[{"domain":"scaleway-terraform.com","message":null,"ns":["ns0.dom.scw.cloud","ns1.dom.scw.cloud"],"ns_default":["ns0.dom.scw.cloud","ns1.dom.scw.cloud"],"ns_master":[],"project_id":"105bdce1-64c0-48ab-899d-868455867ecf","status":"pending","subdomain":"test-srv","updated_at":"2023-07-28T09:33:37Z"}],"total_count":1}'
    headers:
      Content-Length:
      - "340"
      Content-Security-Policy:
      - default-src 'none'; frame-ancestors 'none'
      Content-Type:
      - application/json
      Date:
      - Fri, 28 Jul 2023 09:33:38 GMT
      Server:
      - Scaleway API-Gateway
      Strict-Transport-Security:
      - max-age=63072000
      X-Content-Type-Options:
      - nosniff
      X-Frame-Options:
      - DENY
      X-Request-Id:
      - 4fddba03-83ec-4af5-bc70-9ba66c07a21a
    status: 200 OK
    code: 200
    duration: ""
- request:
    body: '{"changes":[{"delete":{"id":"5a550a16-f7b3-4994-aba6-a96e18ec3b4d"}}],"return_all_records":false,"disallow_new_zone_creation":false,"serial":null}'
    form: {}
    headers:
      Content-Type:
      - application/json
      User-Agent:
      - scaleway-sdk-go/v1.0.0-beta.7+dev (go1.20.3; darwin; amd64) terraform-provider/develop
        terraform/terraform-tests
    url: https://api.scaleway.com/domain/v2beta1/dns-zones/test-srv.scaleway-terraform.com/records
    method: PATCH
  response:
    body: '{"records":[]}'
    headers:
      Content-Length:
      - "14"
      Content-Security-Policy:
      - default-src 'none'; frame-ancestors 'none'
      Content-Type:
      - application/json
      Date:
      - Fri, 28 Jul 2023 09:33:39 GMT
      Server:
      - Scaleway API-Gateway
      Strict-Transport-Security:
      - max-age=63072000
      X-Content-Type-Options:
      - nosniff
      X-Frame-Options:
      - DENY
      X-Request-Id:
      - f4e9e524-08ce-4eef-b7df-dadd12a681ac
    status: 200 OK
    code: 200
    duration: ""
- request:
    body: ""
    form: {}
    headers:
      User-Agent:
      - scaleway-sdk-go/v1.0.0-beta.7+dev (go1.20.3; darwin; amd64) terraform-provider/develop
        terraform/terraform-tests
    url: https://api.scaleway.com/domain/v2beta1/dns-zones/test-srv.scaleway-terraform.com/records?name=&order_by=name_asc&type=unknown
    method: GET
  response:
    body: '{"records":[{"comment":null,"data":"ns1.dom.scw.cloud.","id":"d053494c-27fc-489b-9702-03e67093ede9","name":"","priority":0,"ttl":1800,"type":"NS"},{"comment":null,"data":"ns0.dom.scw.cloud.","id":"dd872a66-d365-491d-ac73-05c2662300c5","name":"","priority":0,"ttl":1800,"type":"NS"}],"total_count":2}'
    headers:
      Content-Length:
      - "313"
      Content-Security-Policy:
      - default-src 'none'; frame-ancestors 'none'
      Content-Type:
      - application/json
      Date:
      - Fri, 28 Jul 2023 09:33:39 GMT
      Server:
      - Scaleway API-Gateway
      Strict-Transport-Security:
      - max-age=63072000
      X-Content-Type-Options:
      - nosniff
      X-Frame-Options:
      - DENY
      X-Request-Id:
      - 0991bdb8-6690-4be6-b1a8-62a9b88d4e2c
    status: 200 OK
    code: 200
    duration: ""
- request:
    body: ""
    form: {}
    headers:
      User-Agent:
      - scaleway-sdk-go/v1.0.0-beta.7+dev (go1.20.3; darwin; amd64) terraform-provider/develop
        terraform/terraform-tests
    url: https://api.scaleway.com/domain/v2beta1/dns-zones?dns_zone=test-srv.scaleway-terraform.com&domain=&order_by=domain_asc
    method: GET
  response:
    body: '{"dns_zones":[{"domain":"scaleway-terraform.com","message":null,"ns":["ns0.dom.scw.cloud","ns1.dom.scw.cloud"],"ns_default":["ns0.dom.scw.cloud","ns1.dom.scw.cloud"],"ns_master":[],"project_id":"105bdce1-64c0-48ab-899d-868455867ecf","status":"pending","subdomain":"test-srv","updated_at":"2023-07-28T09:33:39Z"}],"total_count":1}'
    headers:
      Content-Length:
      - "340"
      Content-Security-Policy:
      - default-src 'none'; frame-ancestors 'none'
      Content-Type:
      - application/json
      Date:
      - Fri, 28 Jul 2023 09:33:39 GMT
      Server:
      - Scaleway API-Gateway
      Strict-Transport-Security:
      - max-age=63072000
      X-Content-Type-Options:
      - nosniff
      X-Frame-Options:
      - DENY
      X-Request-Id:
      - 824929c9-2771-426f-9dba-da99eab8f0a9
    status: 200 OK
    code: 200
    duration: ""
- request:
    body: ""
    form: {}
    headers:
      User-Agent:
      - scaleway-sdk-go/v1.0.0-beta.7+dev (go1.20.3; darwin; amd64) terraform-provider/develop
        terraform/terraform-tests
    url: https://api.scaleway.com/domain/v2beta1/dns-zones?dns_zone=test-srv.scaleway-terraform.com&domain=&order_by=domain_asc
    method: GET
  response:
    body: '{"dns_zones":[{"domain":"scaleway-terraform.com","message":null,"ns":["ns0.dom.scw.cloud","ns1.dom.scw.cloud"],"ns_default":["ns0.dom.scw.cloud","ns1.dom.scw.cloud"],"ns_master":[],"project_id":"105bdce1-64c0-48ab-899d-868455867ecf","status":"active","subdomain":"test-srv","updated_at":"2023-07-28T09:33:42Z"}],"total_count":1}'
    headers:
      Content-Length:
      - "339"
      Content-Security-Policy:
      - default-src 'none'; frame-ancestors 'none'
      Content-Type:
      - application/json
      Date:
      - Fri, 28 Jul 2023 09:33:44 GMT
      Server:
      - Scaleway API-Gateway
      Strict-Transport-Security:
      - max-age=63072000
      X-Content-Type-Options:
      - nosniff
      X-Frame-Options:
      - DENY
      X-Request-Id:
      - 9ca37c27-0f6a-49f6-97c9-efb16673f145
    status: 200 OK
    code: 200
    duration: ""
- request:
    body: ""
    form: {}
    headers:
      User-Agent:
      - scaleway-sdk-go/v1.0.0-beta.7+dev (go1.20.3; darwin; amd64) terraform-provider/develop
        terraform/terraform-tests
    url: https://api.scaleway.com/domain/v2beta1/dns-zones/test-srv.scaleway-terraform.com?project_id=105bdce1-64c0-48ab-899d-868455867ecf
    method: DELETE
  response:
    body: '{}'
    headers:
      Content-Length:
      - "2"
      Content-Security-Policy:
      - default-src 'none'; frame-ancestors 'none'
      Content-Type:
      - application/json
      Date:
      - Fri, 28 Jul 2023 09:33:45 GMT
      Server:
      - Scaleway API-Gateway
      Strict-Transport-Security:
      - max-age=63072000
      X-Content-Type-Options:
      - nosniff
      X-Frame-Options:
      - DENY
      X-Request-Id:
      - 73a1db73-886a-444a-811a-4dd932aeff11
    status: 200 OK
    code: 200
    duration: ""
- request:
    body: ""
    form: {}
    headers:
      User-Agent:
      - scaleway-sdk-go/v1.0.0-beta.7+dev (go1.20.3; darwin; amd64) terraform-provider/develop
        terraform/terraform-tests
    url: https://api.scaleway.com/domain/v2beta1/dns-zones/test-srv.scaleway-terraform.com/records?name=&order_by=name_asc&type=unknown
    method: GET
  response:
    body: '{"message":"subdomain not found"}'
    headers:
      Content-Length:
      - "33"
      Content-Security-Policy:
      - default-src 'none'; frame-ancestors 'none'
      Content-Type:
      - application/json
      Date:
      - Fri, 28 Jul 2023 09:33:45 GMT
      Server:
      - Scaleway API-Gateway
      Strict-Transport-Security:
      - max-age=63072000
      X-Content-Type-Options:
      - nosniff
      X-Frame-Options:
      - DENY
      X-Request-Id:
      - b426a0f7-09cb-4f26-9495-76816233599a
    status: 403 Forbidden
    code: 403
    duration: ""
