---
version: 1
interactions:
- request:
    body: '{"project":"105bdce1-64c0-48ab-899d-868455867ecf","type":"unknown_iptype"}'
    form: {}
    headers:
      Content-Type:
      - application/json
      User-Agent:
      - scaleway-sdk-go/v1.0.0-beta.7+dev (go1.20.3; darwin; amd64) terraform-provider/develop
        terraform/terraform-tests
    url: https://api.scaleway.com/instance/v1/zones/fr-par-1/ips
    method: POST
  response:
    body: '{"ip":{"address":"163.172.172.168","id":"68b4c67c-4b65-4058-9ce5-b3a740de75d9","organization":"105bdce1-64c0-48ab-899d-868455867ecf","prefix":null,"project":"105bdce1-64c0-48ab-899d-868455867ecf","reverse":null,"server":null,"state":"attached","tags":[],"type":"nat","zone":"fr-par-1"}}'
    headers:
      Content-Length:
      - "308"
      Content-Security-Policy:
      - default-src 'none'; frame-ancestors 'none'
      Content-Type:
      - application/json
      Date:
      - Fri, 28 Jul 2023 13:22:36 GMT
      Location:
      - https://api.scaleway.com/instance/v1/zones/fr-par-1/ips/68b4c67c-4b65-4058-9ce5-b3a740de75d9
      Server:
      - Scaleway API-Gateway
      Strict-Transport-Security:
      - max-age=63072000
      X-Content-Type-Options:
      - nosniff
      X-Frame-Options:
      - DENY
      X-Request-Id:
      - cf9dcdc8-a582-476c-bf60-ef58d4745afb
    status: 201 Created
    code: 201
    duration: ""
- request:
    body: ""
    form: {}
    headers:
      User-Agent:
      - scaleway-sdk-go/v1.0.0-beta.7+dev (go1.20.3; darwin; amd64) terraform-provider/develop
        terraform/terraform-tests
    url: https://api.scaleway.com/instance/v1/zones/fr-par-1/ips/68b4c67c-4b65-4058-9ce5-b3a740de75d9
    method: GET
  response:
    body: '{"ip":{"address":"163.172.172.168","id":"68b4c67c-4b65-4058-9ce5-b3a740de75d9","organization":"105bdce1-64c0-48ab-899d-868455867ecf","prefix":null,"project":"105bdce1-64c0-48ab-899d-868455867ecf","reverse":null,"server":null,"state":"attached","tags":[],"type":"nat","zone":"fr-par-1"}}'
    headers:
      Content-Length:
      - "308"
      Content-Security-Policy:
      - default-src 'none'; frame-ancestors 'none'
      Content-Type:
      - application/json
      Date:
      - Fri, 28 Jul 2023 13:22:36 GMT
      Server:
      - Scaleway API-Gateway
      Strict-Transport-Security:
      - max-age=63072000
      X-Content-Type-Options:
      - nosniff
      X-Frame-Options:
      - DENY
      X-Request-Id:
      - 0153a4e1-cd37-48a5-8170-8594a883b4f1
    status: 200 OK
    code: 200
    duration: ""
- request:
    body: '{"changes":[{"add":{"records":[{"data":"163.172.172.168","name":"","priority":1,"ttl":3600,"type":"A","comment":null,"id":""}]}}],"return_all_records":false,"disallow_new_zone_creation":false,"serial":null}'
    form: {}
    headers:
      Content-Type:
      - application/json
      User-Agent:
      - scaleway-sdk-go/v1.0.0-beta.7+dev (go1.20.3; darwin; amd64) terraform-provider/develop
        terraform/terraform-tests
    url: https://api.scaleway.com/domain/v2beta1/dns-zones/tf-reverse-instance.scaleway-terraform.com/records
    method: PATCH
  response:
    body: '{"records":[{"comment":null,"data":"163.172.172.168","id":"ec7a423b-3722-4d85-97c0-32bd8b2bf342","name":"","priority":1,"ttl":3600,"type":"A"}]}'
    headers:
      Content-Length:
      - "150"
      Content-Security-Policy:
      - default-src 'none'; frame-ancestors 'none'
      Content-Type:
      - application/json
      Date:
      - Fri, 28 Jul 2023 13:22:36 GMT
      Server:
      - Scaleway API-Gateway
      Strict-Transport-Security:
      - max-age=63072000
      X-Content-Type-Options:
      - nosniff
      X-Frame-Options:
      - DENY
      X-Request-Id:
      - 97d9ec47-a2ca-4177-91bc-bbbad869fba9
    status: 200 OK
    code: 200
    duration: ""
- request:
    body: ""
    form: {}
    headers:
      User-Agent:
      - scaleway-sdk-go/v1.0.0-beta.7+dev (go1.20.3; darwin; amd64) terraform-provider/develop
        terraform/terraform-tests
    url: https://api.scaleway.com/domain/v2beta1/dns-zones/tf-reverse-instance.scaleway-terraform.com/records?name=&order_by=name_asc&type=A
    method: GET
  response:
    body: '{"records":[{"comment":null,"data":"163.172.172.168","id":"ec7a423b-3722-4d85-97c0-32bd8b2bf342","name":"","priority":1,"ttl":3600,"type":"A"}],"total_count":1}'
    headers:
      Content-Length:
      - "167"
      Content-Security-Policy:
      - default-src 'none'; frame-ancestors 'none'
      Content-Type:
      - application/json
      Date:
      - Fri, 28 Jul 2023 13:22:36 GMT
      Server:
      - Scaleway API-Gateway
      Strict-Transport-Security:
      - max-age=63072000
      X-Content-Type-Options:
      - nosniff
      X-Frame-Options:
      - DENY
      X-Request-Id:
      - e400a629-65e6-4d75-add0-27dca9b680f7
    status: 200 OK
    code: 200
    duration: ""
- request:
    body: ""
    form: {}
    headers:
      User-Agent:
      - scaleway-sdk-go/v1.0.0-beta.7+dev (go1.20.3; darwin; amd64) terraform-provider/develop
        terraform/terraform-tests
    url: https://api.scaleway.com/domain/v2beta1/dns-zones/tf-reverse-instance.scaleway-terraform.com/records?name=&order_by=name_asc&page=1&type=A
    method: GET
  response:
    body: '{"records":[{"comment":null,"data":"163.172.172.168","id":"ec7a423b-3722-4d85-97c0-32bd8b2bf342","name":"","priority":1,"ttl":3600,"type":"A"}],"total_count":1}'
    headers:
      Content-Length:
      - "167"
      Content-Security-Policy:
      - default-src 'none'; frame-ancestors 'none'
      Content-Type:
      - application/json
      Date:
      - Fri, 28 Jul 2023 13:22:36 GMT
      Server:
      - Scaleway API-Gateway
      Strict-Transport-Security:
      - max-age=63072000
      X-Content-Type-Options:
      - nosniff
      X-Frame-Options:
      - DENY
      X-Request-Id:
      - d2d7a1db-cd5b-45e9-8be7-ed84e2bcdeee
    status: 200 OK
    code: 200
    duration: ""
- request:
    body: ""
    form: {}
    headers:
      User-Agent:
      - scaleway-sdk-go/v1.0.0-beta.7+dev (go1.20.3; darwin; amd64) terraform-provider/develop
        terraform/terraform-tests
    url: https://api.scaleway.com/domain/v2beta1/dns-zones/tf-reverse-instance.scaleway-terraform.com/records?id=ec7a423b-3722-4d85-97c0-32bd8b2bf342&name=&order_by=name_asc&page=1&type=unknown
    method: GET
  response:
    body: '{"records":[{"comment":null,"data":"163.172.172.168","id":"ec7a423b-3722-4d85-97c0-32bd8b2bf342","name":"","priority":1,"ttl":3600,"type":"A"}],"total_count":1}'
    headers:
      Content-Length:
      - "167"
      Content-Security-Policy:
      - default-src 'none'; frame-ancestors 'none'
      Content-Type:
      - application/json
      Date:
      - Fri, 28 Jul 2023 13:22:36 GMT
      Server:
      - Scaleway API-Gateway
      Strict-Transport-Security:
      - max-age=63072000
      X-Content-Type-Options:
      - nosniff
      X-Frame-Options:
      - DENY
      X-Request-Id:
      - 99f5b456-7be3-4be9-ac5a-b8ac1f8f2639
    status: 200 OK
    code: 200
    duration: ""
- request:
    body: ""
    form: {}
    headers:
      User-Agent:
      - scaleway-sdk-go/v1.0.0-beta.7+dev (go1.20.3; darwin; amd64) terraform-provider/develop
        terraform/terraform-tests
    url: https://api.scaleway.com/domain/v2beta1/dns-zones?dns_zone=tf-reverse-instance.scaleway-terraform.com&domain=&order_by=domain_asc&page=1
    method: GET
  response:
    body: '{"dns_zones":[{"domain":"scaleway-terraform.com","message":null,"ns":["ns0.dom.scw.cloud","ns1.dom.scw.cloud"],"ns_default":["ns0.dom.scw.cloud","ns1.dom.scw.cloud"],"ns_master":[],"project_id":"105bdce1-64c0-48ab-899d-868455867ecf","status":"pending","subdomain":"tf-reverse-instance","updated_at":"2023-07-28T13:22:36Z"}],"total_count":1}'
    headers:
      Content-Length:
      - "351"
      Content-Security-Policy:
      - default-src 'none'; frame-ancestors 'none'
      Content-Type:
      - application/json
      Date:
      - Fri, 28 Jul 2023 13:22:37 GMT
      Server:
      - Scaleway API-Gateway
      Strict-Transport-Security:
      - max-age=63072000
      X-Content-Type-Options:
      - nosniff
      X-Frame-Options:
      - DENY
      X-Request-Id:
      - 5a919619-b08c-4db9-9716-3d1aff274cf2
    status: 200 OK
    code: 200
    duration: ""
- request:
    body: ""
    form: {}
    headers:
      User-Agent:
      - scaleway-sdk-go/v1.0.0-beta.7+dev (go1.20.3; darwin; amd64) terraform-provider/develop
        terraform/terraform-tests
    url: https://api.scaleway.com/instance/v1/zones/fr-par-1/ips/68b4c67c-4b65-4058-9ce5-b3a740de75d9
    method: GET
  response:
    body: '{"ip":{"address":"163.172.172.168","id":"68b4c67c-4b65-4058-9ce5-b3a740de75d9","organization":"105bdce1-64c0-48ab-899d-868455867ecf","prefix":null,"project":"105bdce1-64c0-48ab-899d-868455867ecf","reverse":null,"server":null,"state":"attached","tags":[],"type":"nat","zone":"fr-par-1"}}'
    headers:
      Content-Length:
      - "308"
      Content-Security-Policy:
      - default-src 'none'; frame-ancestors 'none'
      Content-Type:
      - application/json
      Date:
      - Fri, 28 Jul 2023 13:22:37 GMT
      Server:
      - Scaleway API-Gateway
      Strict-Transport-Security:
      - max-age=63072000
      X-Content-Type-Options:
      - nosniff
      X-Frame-Options:
      - DENY
      X-Request-Id:
      - 7b37bcbb-d64f-4c12-8e72-baea6649b7c5
    status: 200 OK
    code: 200
    duration: ""
- request:
    body: ""
    form: {}
    headers:
      User-Agent:
      - scaleway-sdk-go/v1.0.0-beta.7+dev (go1.20.3; darwin; amd64) terraform-provider/develop
        terraform/terraform-tests
    url: https://api.scaleway.com/domain/v2beta1/dns-zones/tf-reverse-instance.scaleway-terraform.com/records?id=ec7a423b-3722-4d85-97c0-32bd8b2bf342&name=&order_by=name_asc&page=1&type=A
    method: GET
  response:
    body: '{"records":[{"comment":null,"data":"163.172.172.168","id":"ec7a423b-3722-4d85-97c0-32bd8b2bf342","name":"","priority":1,"ttl":3600,"type":"A"}],"total_count":1}'
    headers:
      Content-Length:
      - "167"
      Content-Security-Policy:
      - default-src 'none'; frame-ancestors 'none'
      Content-Type:
      - application/json
      Date:
      - Fri, 28 Jul 2023 13:22:37 GMT
      Server:
      - Scaleway API-Gateway
      Strict-Transport-Security:
      - max-age=63072000
      X-Content-Type-Options:
      - nosniff
      X-Frame-Options:
      - DENY
      X-Request-Id:
      - 64c33f16-9fba-4444-99f6-4d9084ca6450
    status: 200 OK
    code: 200
    duration: ""
- request:
    body: ""
    form: {}
    headers:
      User-Agent:
      - scaleway-sdk-go/v1.0.0-beta.7+dev (go1.20.3; darwin; amd64) terraform-provider/develop
        terraform/terraform-tests
    url: https://api.scaleway.com/domain/v2beta1/dns-zones?dns_zone=tf-reverse-instance.scaleway-terraform.com&domain=&order_by=domain_asc&page=1
    method: GET
  response:
    body: '{"dns_zones":[{"domain":"scaleway-terraform.com","message":null,"ns":["ns0.dom.scw.cloud","ns1.dom.scw.cloud"],"ns_default":["ns0.dom.scw.cloud","ns1.dom.scw.cloud"],"ns_master":[],"project_id":"105bdce1-64c0-48ab-899d-868455867ecf","status":"pending","subdomain":"tf-reverse-instance","updated_at":"2023-07-28T13:22:36Z"}],"total_count":1}'
    headers:
      Content-Length:
      - "351"
      Content-Security-Policy:
      - default-src 'none'; frame-ancestors 'none'
      Content-Type:
      - application/json
      Date:
      - Fri, 28 Jul 2023 13:22:37 GMT
      Server:
      - Scaleway API-Gateway
      Strict-Transport-Security:
      - max-age=63072000
      X-Content-Type-Options:
      - nosniff
      X-Frame-Options:
      - DENY
      X-Request-Id:
      - 6f032a02-372c-4623-b546-772177ef6dc2
    status: 200 OK
    code: 200
    duration: ""
- request:
    body: ""
    form: {}
    headers:
      User-Agent:
      - scaleway-sdk-go/v1.0.0-beta.7+dev (go1.20.3; darwin; amd64) terraform-provider/develop
        terraform/terraform-tests
    url: https://api.scaleway.com/instance/v1/zones/fr-par-1/ips/68b4c67c-4b65-4058-9ce5-b3a740de75d9
    method: GET
  response:
    body: '{"ip":{"address":"163.172.172.168","id":"68b4c67c-4b65-4058-9ce5-b3a740de75d9","organization":"105bdce1-64c0-48ab-899d-868455867ecf","prefix":null,"project":"105bdce1-64c0-48ab-899d-868455867ecf","reverse":null,"server":null,"state":"attached","tags":[],"type":"nat","zone":"fr-par-1"}}'
    headers:
      Content-Length:
      - "308"
      Content-Security-Policy:
      - default-src 'none'; frame-ancestors 'none'
      Content-Type:
      - application/json
      Date:
      - Fri, 28 Jul 2023 13:22:38 GMT
      Server:
      - Scaleway API-Gateway
      Strict-Transport-Security:
      - max-age=63072000
      X-Content-Type-Options:
      - nosniff
      X-Frame-Options:
      - DENY
      X-Request-Id:
      - f718d91d-46e2-48e4-84fb-be909a872728
    status: 200 OK
    code: 200
    duration: ""
- request:
    body: ""
    form: {}
    headers:
      User-Agent:
      - scaleway-sdk-go/v1.0.0-beta.7+dev (go1.20.3; darwin; amd64) terraform-provider/develop
        terraform/terraform-tests
    url: https://api.scaleway.com/domain/v2beta1/dns-zones/tf-reverse-instance.scaleway-terraform.com/records?id=ec7a423b-3722-4d85-97c0-32bd8b2bf342&name=&order_by=name_asc&page=1&type=A
    method: GET
  response:
    body: '{"records":[{"comment":null,"data":"163.172.172.168","id":"ec7a423b-3722-4d85-97c0-32bd8b2bf342","name":"","priority":1,"ttl":3600,"type":"A"}],"total_count":1}'
    headers:
      Content-Length:
      - "167"
      Content-Security-Policy:
      - default-src 'none'; frame-ancestors 'none'
      Content-Type:
      - application/json
      Date:
      - Fri, 28 Jul 2023 13:22:38 GMT
      Server:
      - Scaleway API-Gateway
      Strict-Transport-Security:
      - max-age=63072000
      X-Content-Type-Options:
      - nosniff
      X-Frame-Options:
      - DENY
      X-Request-Id:
      - caef5a1d-d983-4f97-aaeb-d150bba4cc3b
    status: 200 OK
    code: 200
    duration: ""
- request:
    body: ""
    form: {}
    headers:
      User-Agent:
      - scaleway-sdk-go/v1.0.0-beta.7+dev (go1.20.3; darwin; amd64) terraform-provider/develop
        terraform/terraform-tests
    url: https://api.scaleway.com/domain/v2beta1/dns-zones?dns_zone=tf-reverse-instance.scaleway-terraform.com&domain=&order_by=domain_asc&page=1
    method: GET
  response:
    body: '{"dns_zones":[{"domain":"scaleway-terraform.com","message":null,"ns":["ns0.dom.scw.cloud","ns1.dom.scw.cloud"],"ns_default":["ns0.dom.scw.cloud","ns1.dom.scw.cloud"],"ns_master":[],"project_id":"105bdce1-64c0-48ab-899d-868455867ecf","status":"pending","subdomain":"tf-reverse-instance","updated_at":"2023-07-28T13:22:36Z"}],"total_count":1}'
    headers:
      Content-Length:
      - "351"
      Content-Security-Policy:
      - default-src 'none'; frame-ancestors 'none'
      Content-Type:
      - application/json
      Date:
      - Fri, 28 Jul 2023 13:22:38 GMT
      Server:
      - Scaleway API-Gateway
      Strict-Transport-Security:
      - max-age=63072000
      X-Content-Type-Options:
      - nosniff
      X-Frame-Options:
      - DENY
      X-Request-Id:
      - 91c87517-4142-4478-a3b4-198ca5654832
    status: 200 OK
    code: 200
    duration: ""
- request:
    body: ""
    form: {}
    headers:
      User-Agent:
      - scaleway-sdk-go/v1.0.0-beta.7+dev (go1.20.3; darwin; amd64) terraform-provider/develop
        terraform/terraform-tests
    url: https://api.scaleway.com/instance/v1/zones/fr-par-1/ips/68b4c67c-4b65-4058-9ce5-b3a740de75d9
    method: GET
  response:
    body: '{"ip":{"address":"163.172.172.168","id":"68b4c67c-4b65-4058-9ce5-b3a740de75d9","organization":"105bdce1-64c0-48ab-899d-868455867ecf","prefix":null,"project":"105bdce1-64c0-48ab-899d-868455867ecf","reverse":null,"server":null,"state":"attached","tags":[],"type":"nat","zone":"fr-par-1"}}'
    headers:
      Content-Length:
      - "308"
      Content-Security-Policy:
      - default-src 'none'; frame-ancestors 'none'
      Content-Type:
      - application/json
      Date:
      - Fri, 28 Jul 2023 13:22:46 GMT
      Server:
      - Scaleway API-Gateway
      Strict-Transport-Security:
      - max-age=63072000
      X-Content-Type-Options:
      - nosniff
      X-Frame-Options:
      - DENY
      X-Request-Id:
      - 7e83cec4-d7d5-4c37-bb10-b6c79aa41461
    status: 200 OK
    code: 200
    duration: ""
- request:
    body: '{"reverse":"tf-reverse-instance.scaleway-terraform.com","type":"unknown_iptype"}'
    form: {}
    headers:
      Content-Type:
      - application/json
      User-Agent:
      - scaleway-sdk-go/v1.0.0-beta.7+dev (go1.20.3; darwin; amd64) terraform-provider/develop
        terraform/terraform-tests
    url: https://api.scaleway.com/instance/v1/zones/fr-par-1/ips/68b4c67c-4b65-4058-9ce5-b3a740de75d9
    method: PATCH
  response:
    body: '{"ip":{"address":"163.172.172.168","id":"68b4c67c-4b65-4058-9ce5-b3a740de75d9","organization":"105bdce1-64c0-48ab-899d-868455867ecf","prefix":null,"project":"105bdce1-64c0-48ab-899d-868455867ecf","reverse":"tf-reverse-instance.scaleway-terraform.com","server":null,"state":"attached","tags":[],"type":"nat","zone":"fr-par-1"}}'
    headers:
      Content-Length:
      - "348"
      Content-Security-Policy:
      - default-src 'none'; frame-ancestors 'none'
      Content-Type:
      - application/json
      Date:
      - Fri, 28 Jul 2023 13:22:51 GMT
      Server:
      - Scaleway API-Gateway
      Strict-Transport-Security:
      - max-age=63072000
      X-Content-Type-Options:
      - nosniff
      X-Frame-Options:
      - DENY
      X-Request-Id:
      - dece936e-62f6-459b-8563-2ff04e6b8f85
    status: 200 OK
    code: 200
    duration: ""
- request:
    body: ""
    form: {}
    headers:
      User-Agent:
      - scaleway-sdk-go/v1.0.0-beta.7+dev (go1.20.3; darwin; amd64) terraform-provider/develop
        terraform/terraform-tests
    url: https://api.scaleway.com/instance/v1/zones/fr-par-1/ips/68b4c67c-4b65-4058-9ce5-b3a740de75d9
    method: GET
  response:
    body: '{"ip":{"address":"163.172.172.168","id":"68b4c67c-4b65-4058-9ce5-b3a740de75d9","organization":"105bdce1-64c0-48ab-899d-868455867ecf","prefix":null,"project":"105bdce1-64c0-48ab-899d-868455867ecf","reverse":"tf-reverse-instance.scaleway-terraform.com","server":null,"state":"attached","tags":[],"type":"nat","zone":"fr-par-1"}}'
    headers:
      Content-Length:
      - "348"
      Content-Security-Policy:
      - default-src 'none'; frame-ancestors 'none'
      Content-Type:
      - application/json
      Date:
      - Fri, 28 Jul 2023 13:22:51 GMT
      Server:
      - Scaleway API-Gateway
      Strict-Transport-Security:
      - max-age=63072000
      X-Content-Type-Options:
      - nosniff
      X-Frame-Options:
      - DENY
      X-Request-Id:
      - a8e04bcc-616c-48bd-81ef-4cc29c3939a4
    status: 200 OK
    code: 200
    duration: ""
- request:
    body: ""
    form: {}
    headers:
      User-Agent:
      - scaleway-sdk-go/v1.0.0-beta.7+dev (go1.20.3; darwin; amd64) terraform-provider/develop
        terraform/terraform-tests
    url: https://api.scaleway.com/instance/v1/zones/fr-par-1/ips/68b4c67c-4b65-4058-9ce5-b3a740de75d9
    method: GET
  response:
    body: '{"ip":{"address":"163.172.172.168","id":"68b4c67c-4b65-4058-9ce5-b3a740de75d9","organization":"105bdce1-64c0-48ab-899d-868455867ecf","prefix":null,"project":"105bdce1-64c0-48ab-899d-868455867ecf","reverse":"tf-reverse-instance.scaleway-terraform.com","server":null,"state":"attached","tags":[],"type":"nat","zone":"fr-par-1"}}'
    headers:
      Content-Length:
      - "348"
      Content-Security-Policy:
      - default-src 'none'; frame-ancestors 'none'
      Content-Type:
      - application/json
      Date:
      - Fri, 28 Jul 2023 13:22:52 GMT
      Server:
      - Scaleway API-Gateway
      Strict-Transport-Security:
      - max-age=63072000
      X-Content-Type-Options:
      - nosniff
      X-Frame-Options:
      - DENY
      X-Request-Id:
      - 7982f124-a805-40ce-9bb1-3f14fae59af5
    status: 200 OK
    code: 200
    duration: ""
- request:
    body: ""
    form: {}
    headers:
      User-Agent:
      - scaleway-sdk-go/v1.0.0-beta.7+dev (go1.20.3; darwin; amd64) terraform-provider/develop
        terraform/terraform-tests
    url: https://api.scaleway.com/domain/v2beta1/dns-zones/tf-reverse-instance.scaleway-terraform.com/records?id=ec7a423b-3722-4d85-97c0-32bd8b2bf342&name=&order_by=name_asc&page=1&type=A
    method: GET
  response:
    body: '{"records":[{"comment":null,"data":"163.172.172.168","id":"ec7a423b-3722-4d85-97c0-32bd8b2bf342","name":"","priority":1,"ttl":3600,"type":"A"}],"total_count":1}'
    headers:
      Content-Length:
      - "167"
      Content-Security-Policy:
      - default-src 'none'; frame-ancestors 'none'
      Content-Type:
      - application/json
      Date:
      - Fri, 28 Jul 2023 13:22:52 GMT
      Server:
      - Scaleway API-Gateway
      Strict-Transport-Security:
      - max-age=63072000
      X-Content-Type-Options:
      - nosniff
      X-Frame-Options:
      - DENY
      X-Request-Id:
      - 4b4f6528-4903-4052-971e-1b51437c4e26
    status: 200 OK
    code: 200
    duration: ""
- request:
    body: ""
    form: {}
    headers:
      User-Agent:
      - scaleway-sdk-go/v1.0.0-beta.7+dev (go1.20.3; darwin; amd64) terraform-provider/develop
        terraform/terraform-tests
    url: https://api.scaleway.com/domain/v2beta1/dns-zones?dns_zone=tf-reverse-instance.scaleway-terraform.com&domain=&order_by=domain_asc&page=1
    method: GET
  response:
    body: '{"dns_zones":[{"domain":"scaleway-terraform.com","message":null,"ns":["ns0.dom.scw.cloud","ns1.dom.scw.cloud"],"ns_default":["ns0.dom.scw.cloud","ns1.dom.scw.cloud"],"ns_master":[],"project_id":"105bdce1-64c0-48ab-899d-868455867ecf","status":"active","subdomain":"tf-reverse-instance","updated_at":"2023-07-28T13:22:40Z"}],"total_count":1}'
    headers:
      Content-Length:
      - "350"
      Content-Security-Policy:
      - default-src 'none'; frame-ancestors 'none'
      Content-Type:
      - application/json
      Date:
      - Fri, 28 Jul 2023 13:22:52 GMT
      Server:
      - Scaleway API-Gateway
      Strict-Transport-Security:
      - max-age=63072000
      X-Content-Type-Options:
      - nosniff
      X-Frame-Options:
      - DENY
      X-Request-Id:
      - a6bbc113-dec5-4e83-9ae8-eb410be15bbd
    status: 200 OK
    code: 200
    duration: ""
- request:
    body: ""
    form: {}
    headers:
      User-Agent:
      - scaleway-sdk-go/v1.0.0-beta.7+dev (go1.20.3; darwin; amd64) terraform-provider/develop
        terraform/terraform-tests
    url: https://api.scaleway.com/instance/v1/zones/fr-par-1/ips/68b4c67c-4b65-4058-9ce5-b3a740de75d9
    method: GET
  response:
    body: '{"ip":{"address":"163.172.172.168","id":"68b4c67c-4b65-4058-9ce5-b3a740de75d9","organization":"105bdce1-64c0-48ab-899d-868455867ecf","prefix":null,"project":"105bdce1-64c0-48ab-899d-868455867ecf","reverse":"tf-reverse-instance.scaleway-terraform.com","server":null,"state":"attached","tags":[],"type":"nat","zone":"fr-par-1"}}'
    headers:
      Content-Length:
      - "348"
      Content-Security-Policy:
      - default-src 'none'; frame-ancestors 'none'
      Content-Type:
      - application/json
      Date:
      - Fri, 28 Jul 2023 13:22:52 GMT
      Server:
      - Scaleway API-Gateway
      Strict-Transport-Security:
      - max-age=63072000
      X-Content-Type-Options:
      - nosniff
      X-Frame-Options:
      - DENY
      X-Request-Id:
      - aeb5ecd7-f9f6-4218-a42b-8ee22a37c432
    status: 200 OK
    code: 200
    duration: ""
- request:
    body: ""
    form: {}
    headers:
      User-Agent:
      - scaleway-sdk-go/v1.0.0-beta.7+dev (go1.20.3; darwin; amd64) terraform-provider/develop
        terraform/terraform-tests
    url: https://api.scaleway.com/instance/v1/zones/fr-par-1/ips/68b4c67c-4b65-4058-9ce5-b3a740de75d9
    method: GET
  response:
    body: '{"ip":{"address":"163.172.172.168","id":"68b4c67c-4b65-4058-9ce5-b3a740de75d9","organization":"105bdce1-64c0-48ab-899d-868455867ecf","prefix":null,"project":"105bdce1-64c0-48ab-899d-868455867ecf","reverse":"tf-reverse-instance.scaleway-terraform.com","server":null,"state":"attached","tags":[],"type":"nat","zone":"fr-par-1"}}'
    headers:
      Content-Length:
      - "348"
      Content-Security-Policy:
      - default-src 'none'; frame-ancestors 'none'
      Content-Type:
      - application/json
      Date:
      - Fri, 28 Jul 2023 13:22:52 GMT
      Server:
      - Scaleway API-Gateway
      Strict-Transport-Security:
      - max-age=63072000
      X-Content-Type-Options:
      - nosniff
      X-Frame-Options:
      - DENY
      X-Request-Id:
      - a5f5bb71-ee46-47ef-9c0d-bf8e1916e18a
    status: 200 OK
    code: 200
    duration: ""
- request:
    body: ""
    form: {}
    headers:
      User-Agent:
      - scaleway-sdk-go/v1.0.0-beta.7+dev (go1.20.3; darwin; amd64) terraform-provider/develop
        terraform/terraform-tests
    url: https://api.scaleway.com/domain/v2beta1/dns-zones/tf-reverse-instance.scaleway-terraform.com/records?id=ec7a423b-3722-4d85-97c0-32bd8b2bf342&name=&order_by=name_asc&page=1&type=A
    method: GET
  response:
    body: '{"records":[{"comment":null,"data":"163.172.172.168","id":"ec7a423b-3722-4d85-97c0-32bd8b2bf342","name":"","priority":1,"ttl":3600,"type":"A"}],"total_count":1}'
    headers:
      Content-Length:
      - "167"
      Content-Security-Policy:
      - default-src 'none'; frame-ancestors 'none'
      Content-Type:
      - application/json
      Date:
      - Fri, 28 Jul 2023 13:22:52 GMT
      Server:
      - Scaleway API-Gateway
      Strict-Transport-Security:
      - max-age=63072000
      X-Content-Type-Options:
      - nosniff
      X-Frame-Options:
      - DENY
      X-Request-Id:
      - 6d6e63b6-c0df-4a3e-98ed-2f16d9c0b78e
    status: 200 OK
    code: 200
    duration: ""
- request:
    body: ""
    form: {}
    headers:
      User-Agent:
      - scaleway-sdk-go/v1.0.0-beta.7+dev (go1.20.3; darwin; amd64) terraform-provider/develop
        terraform/terraform-tests
    url: https://api.scaleway.com/instance/v1/zones/fr-par-1/ips/68b4c67c-4b65-4058-9ce5-b3a740de75d9
    method: GET
  response:
    body: '{"ip":{"address":"163.172.172.168","id":"68b4c67c-4b65-4058-9ce5-b3a740de75d9","organization":"105bdce1-64c0-48ab-899d-868455867ecf","prefix":null,"project":"105bdce1-64c0-48ab-899d-868455867ecf","reverse":"tf-reverse-instance.scaleway-terraform.com","server":null,"state":"attached","tags":[],"type":"nat","zone":"fr-par-1"}}'
    headers:
      Content-Length:
      - "348"
      Content-Security-Policy:
      - default-src 'none'; frame-ancestors 'none'
      Content-Type:
      - application/json
      Date:
      - Fri, 28 Jul 2023 13:22:52 GMT
      Server:
      - Scaleway API-Gateway
      Strict-Transport-Security:
      - max-age=63072000
      X-Content-Type-Options:
      - nosniff
      X-Frame-Options:
      - DENY
      X-Request-Id:
      - 964db337-7fd2-42f3-bfdd-724cb1d2fca8
    status: 200 OK
    code: 200
    duration: ""
- request:
    body: ""
    form: {}
    headers:
      User-Agent:
      - scaleway-sdk-go/v1.0.0-beta.7+dev (go1.20.3; darwin; amd64) terraform-provider/develop
        terraform/terraform-tests
    url: https://api.scaleway.com/domain/v2beta1/dns-zones?dns_zone=tf-reverse-instance.scaleway-terraform.com&domain=&order_by=domain_asc&page=1
    method: GET
  response:
    body: '{"dns_zones":[{"domain":"scaleway-terraform.com","message":null,"ns":["ns0.dom.scw.cloud","ns1.dom.scw.cloud"],"ns_default":["ns0.dom.scw.cloud","ns1.dom.scw.cloud"],"ns_master":[],"project_id":"105bdce1-64c0-48ab-899d-868455867ecf","status":"active","subdomain":"tf-reverse-instance","updated_at":"2023-07-28T13:22:40Z"}],"total_count":1}'
    headers:
      Content-Length:
      - "350"
      Content-Security-Policy:
      - default-src 'none'; frame-ancestors 'none'
      Content-Type:
      - application/json
      Date:
      - Fri, 28 Jul 2023 13:22:52 GMT
      Server:
      - Scaleway API-Gateway
      Strict-Transport-Security:
      - max-age=63072000
      X-Content-Type-Options:
      - nosniff
      X-Frame-Options:
      - DENY
      X-Request-Id:
      - 3e05247d-033a-497e-b1d1-a27ba8627a17
    status: 200 OK
    code: 200
    duration: ""
- request:
    body: '{"reverse":null,"type":"unknown_iptype"}'
    form: {}
    headers:
      Content-Type:
      - application/json
      User-Agent:
      - scaleway-sdk-go/v1.0.0-beta.7+dev (go1.20.3; darwin; amd64) terraform-provider/develop
        terraform/terraform-tests
    url: https://api.scaleway.com/instance/v1/zones/fr-par-1/ips/68b4c67c-4b65-4058-9ce5-b3a740de75d9
    method: PATCH
  response:
    body: '{"ip":{"address":"163.172.172.168","id":"68b4c67c-4b65-4058-9ce5-b3a740de75d9","organization":"105bdce1-64c0-48ab-899d-868455867ecf","prefix":null,"project":"105bdce1-64c0-48ab-899d-868455867ecf","reverse":null,"server":null,"state":"attached","tags":[],"type":"nat","zone":"fr-par-1"}}'
    headers:
      Content-Length:
      - "308"
      Content-Security-Policy:
      - default-src 'none'; frame-ancestors 'none'
      Content-Type:
      - application/json
      Date:
      - Fri, 28 Jul 2023 13:22:53 GMT
      Server:
      - Scaleway API-Gateway
      Strict-Transport-Security:
      - max-age=63072000
      X-Content-Type-Options:
      - nosniff
      X-Frame-Options:
      - DENY
      X-Request-Id:
      - 2e4ebac9-35fc-45e1-bd1a-a4b15dba02fc
    status: 200 OK
    code: 200
    duration: ""
- request:
    body: '{"changes":[{"delete":{"id":"ec7a423b-3722-4d85-97c0-32bd8b2bf342"}}],"return_all_records":false,"disallow_new_zone_creation":false,"serial":null}'
    form: {}
    headers:
      Content-Type:
      - application/json
      User-Agent:
      - scaleway-sdk-go/v1.0.0-beta.7+dev (go1.20.3; darwin; amd64) terraform-provider/develop
        terraform/terraform-tests
    url: https://api.scaleway.com/domain/v2beta1/dns-zones/tf-reverse-instance.scaleway-terraform.com/records
    method: PATCH
  response:
    body: '{"records":[]}'
    headers:
      Content-Length:
      - "14"
      Content-Security-Policy:
      - default-src 'none'; frame-ancestors 'none'
      Content-Type:
      - application/json
      Date:
      - Fri, 28 Jul 2023 13:22:53 GMT
      Server:
      - Scaleway API-Gateway
      Strict-Transport-Security:
      - max-age=63072000
      X-Content-Type-Options:
      - nosniff
      X-Frame-Options:
      - DENY
      X-Request-Id:
      - 88fdad49-d2aa-4d12-bf2e-c742a874689a
    status: 200 OK
    code: 200
    duration: ""
- request:
    body: ""
    form: {}
    headers:
      User-Agent:
      - scaleway-sdk-go/v1.0.0-beta.7+dev (go1.20.3; darwin; amd64) terraform-provider/develop
        terraform/terraform-tests
    url: https://api.scaleway.com/domain/v2beta1/dns-zones/tf-reverse-instance.scaleway-terraform.com/records?name=&order_by=name_asc&type=unknown
    method: GET
  response:
    body: '{"records":[{"comment":null,"data":"ns1.dom.scw.cloud.","id":"182b221e-a4c0-43f7-9b9e-5c21ad542b99","name":"","priority":0,"ttl":1800,"type":"NS"},{"comment":null,"data":"ns0.dom.scw.cloud.","id":"46538925-0af9-485f-b7d7-c690716bba54","name":"","priority":0,"ttl":1800,"type":"NS"}],"total_count":2}'
    headers:
      Content-Length:
      - "313"
      Content-Security-Policy:
      - default-src 'none'; frame-ancestors 'none'
      Content-Type:
      - application/json
      Date:
      - Fri, 28 Jul 2023 13:22:53 GMT
      Server:
      - Scaleway API-Gateway
      Strict-Transport-Security:
      - max-age=63072000
      X-Content-Type-Options:
      - nosniff
      X-Frame-Options:
      - DENY
      X-Request-Id:
      - e069eefe-c135-4bed-88a2-bc8718e68d44
    status: 200 OK
    code: 200
    duration: ""
- request:
    body: ""
    form: {}
    headers:
      User-Agent:
      - scaleway-sdk-go/v1.0.0-beta.7+dev (go1.20.3; darwin; amd64) terraform-provider/develop
        terraform/terraform-tests
    url: https://api.scaleway.com/domain/v2beta1/dns-zones?dns_zone=tf-reverse-instance.scaleway-terraform.com&domain=&order_by=domain_asc
    method: GET
  response:
    body: '{"dns_zones":[{"domain":"scaleway-terraform.com","message":null,"ns":["ns0.dom.scw.cloud","ns1.dom.scw.cloud"],"ns_default":["ns0.dom.scw.cloud","ns1.dom.scw.cloud"],"ns_master":[],"project_id":"105bdce1-64c0-48ab-899d-868455867ecf","status":"pending","subdomain":"tf-reverse-instance","updated_at":"2023-07-28T13:22:53Z"}],"total_count":1}'
    headers:
      Content-Length:
      - "351"
      Content-Security-Policy:
      - default-src 'none'; frame-ancestors 'none'
      Content-Type:
      - application/json
      Date:
      - Fri, 28 Jul 2023 13:22:53 GMT
      Server:
      - Scaleway API-Gateway
      Strict-Transport-Security:
      - max-age=63072000
      X-Content-Type-Options:
      - nosniff
      X-Frame-Options:
      - DENY
      X-Request-Id:
      - e82ecbc4-b3d5-4b7a-9a76-b9c53d595803
    status: 200 OK
    code: 200
    duration: ""
- request:
    body: '{"project":"105bdce1-64c0-48ab-899d-868455867ecf","type":"unknown_iptype"}'
    form: {}
    headers:
      Content-Type:
      - application/json
      User-Agent:
      - scaleway-sdk-go/v1.0.0-beta.7+dev (go1.20.3; darwin; amd64) terraform-provider/develop
        terraform/terraform-tests
    url: https://api.scaleway.com/instance/v1/zones/fr-par-1/ips
    method: POST
  response:
    body: '{"ip":{"address":"212.47.244.7","id":"70b41ec6-1153-49ef-bf41-78720df48a04","organization":"105bdce1-64c0-48ab-899d-868455867ecf","prefix":null,"project":"105bdce1-64c0-48ab-899d-868455867ecf","reverse":null,"server":null,"state":"attached","tags":[],"type":"nat","zone":"fr-par-1"}}'
    headers:
      Content-Length:
      - "305"
      Content-Security-Policy:
      - default-src 'none'; frame-ancestors 'none'
      Content-Type:
      - application/json
      Date:
      - Fri, 28 Jul 2023 13:22:53 GMT
      Location:
      - https://api.scaleway.com/instance/v1/zones/fr-par-1/ips/70b41ec6-1153-49ef-bf41-78720df48a04
      Server:
      - Scaleway API-Gateway
      Strict-Transport-Security:
      - max-age=63072000
      X-Content-Type-Options:
      - nosniff
      X-Frame-Options:
      - DENY
      X-Request-Id:
      - e5d857ec-0e00-4682-93cd-2434ab2a564f
    status: 201 Created
    code: 201
    duration: ""
- request:
    body: ""
    form: {}
    headers:
      User-Agent:
      - scaleway-sdk-go/v1.0.0-beta.7+dev (go1.20.3; darwin; amd64) terraform-provider/develop
        terraform/terraform-tests
    url: https://api.scaleway.com/instance/v1/zones/fr-par-1/ips/70b41ec6-1153-49ef-bf41-78720df48a04
    method: GET
  response:
    body: '{"ip":{"address":"212.47.244.7","id":"70b41ec6-1153-49ef-bf41-78720df48a04","organization":"105bdce1-64c0-48ab-899d-868455867ecf","prefix":null,"project":"105bdce1-64c0-48ab-899d-868455867ecf","reverse":null,"server":null,"state":"attached","tags":[],"type":"nat","zone":"fr-par-1"}}'
    headers:
      Content-Length:
      - "305"
      Content-Security-Policy:
      - default-src 'none'; frame-ancestors 'none'
      Content-Type:
      - application/json
      Date:
      - Fri, 28 Jul 2023 13:22:54 GMT
      Server:
      - Scaleway API-Gateway
      Strict-Transport-Security:
      - max-age=63072000
      X-Content-Type-Options:
      - nosniff
      X-Frame-Options:
      - DENY
      X-Request-Id:
      - c0a2d5a3-c5fc-4330-9ecf-7a46e485c93c
    status: 200 OK
    code: 200
    duration: ""
- request:
    body: ""
    form: {}
    headers:
      User-Agent:
      - scaleway-sdk-go/v1.0.0-beta.7+dev (go1.20.3; darwin; amd64) terraform-provider/develop
        terraform/terraform-tests
    url: https://api.scaleway.com/domain/v2beta1/dns-zones?dns_zone=tf-reverse-instance.scaleway-terraform.com&domain=&order_by=domain_asc
    method: GET
  response:
    body: '{"dns_zones":[{"domain":"scaleway-terraform.com","message":null,"ns":["ns0.dom.scw.cloud","ns1.dom.scw.cloud"],"ns_default":["ns0.dom.scw.cloud","ns1.dom.scw.cloud"],"ns_master":[],"project_id":"105bdce1-64c0-48ab-899d-868455867ecf","status":"pending","subdomain":"tf-reverse-instance","updated_at":"2023-07-28T13:22:53Z"}],"total_count":1}'
    headers:
      Content-Length:
      - "351"
      Content-Security-Policy:
      - default-src 'none'; frame-ancestors 'none'
      Content-Type:
      - application/json
      Date:
      - Fri, 28 Jul 2023 13:22:58 GMT
      Server:
      - Scaleway API-Gateway
      Strict-Transport-Security:
      - max-age=63072000
      X-Content-Type-Options:
      - nosniff
      X-Frame-Options:
      - DENY
      X-Request-Id:
      - 423258dd-717d-44b2-a0c8-b6a7f6b68cdc
    status: 200 OK
    code: 200
    duration: ""
- request:
    body: ""
    form: {}
    headers:
      User-Agent:
      - scaleway-sdk-go/v1.0.0-beta.7+dev (go1.20.3; darwin; amd64) terraform-provider/develop
        terraform/terraform-tests
    url: https://api.scaleway.com/domain/v2beta1/dns-zones?dns_zone=tf-reverse-instance.scaleway-terraform.com&domain=&order_by=domain_asc
    method: GET
  response:
    body: '{"dns_zones":[{"domain":"scaleway-terraform.com","message":null,"ns":["ns0.dom.scw.cloud","ns1.dom.scw.cloud"],"ns_default":["ns0.dom.scw.cloud","ns1.dom.scw.cloud"],"ns_master":[],"project_id":"105bdce1-64c0-48ab-899d-868455867ecf","status":"active","subdomain":"tf-reverse-instance","updated_at":"2023-07-28T13:23:01Z"}],"total_count":1}'
    headers:
      Content-Length:
      - "350"
      Content-Security-Policy:
      - default-src 'none'; frame-ancestors 'none'
      Content-Type:
      - application/json
      Date:
      - Fri, 28 Jul 2023 13:23:03 GMT
      Server:
      - Scaleway API-Gateway
      Strict-Transport-Security:
      - max-age=63072000
      X-Content-Type-Options:
      - nosniff
      X-Frame-Options:
      - DENY
      X-Request-Id:
      - 86d48164-690b-4066-b904-bfa6012c6978
    status: 200 OK
    code: 200
    duration: ""
- request:
    body: ""
    form: {}
    headers:
      User-Agent:
      - scaleway-sdk-go/v1.0.0-beta.7+dev (go1.20.3; darwin; amd64) terraform-provider/develop
        terraform/terraform-tests
    url: https://api.scaleway.com/domain/v2beta1/dns-zones/tf-reverse-instance.scaleway-terraform.com?project_id=105bdce1-64c0-48ab-899d-868455867ecf
    method: DELETE
  response:
    body: '{}'
    headers:
      Content-Length:
      - "2"
      Content-Security-Policy:
      - default-src 'none'; frame-ancestors 'none'
      Content-Type:
      - application/json
      Date:
      - Fri, 28 Jul 2023 13:23:37 GMT
      Server:
      - Scaleway API-Gateway
      Strict-Transport-Security:
      - max-age=63072000
      X-Content-Type-Options:
      - nosniff
      X-Frame-Options:
      - DENY
      X-Request-Id:
      - 5cfe27a7-5ab3-413e-95dd-648bb089169b
    status: 200 OK
    code: 200
    duration: ""
- request:
    body: ""
    form: {}
    headers:
      User-Agent:
      - scaleway-sdk-go/v1.0.0-beta.7+dev (go1.20.3; darwin; amd64) terraform-provider/develop
        terraform/terraform-tests
    url: https://api.scaleway.com/instance/v1/zones/fr-par-1/ips/68b4c67c-4b65-4058-9ce5-b3a740de75d9
    method: DELETE
  response:
    body: ""
    headers:
      Content-Security-Policy:
      - default-src 'none'; frame-ancestors 'none'
      Date:
      - Fri, 28 Jul 2023 13:23:40 GMT
      Server:
      - Scaleway API-Gateway
      Strict-Transport-Security:
      - max-age=63072000
      X-Content-Type-Options:
      - nosniff
      X-Frame-Options:
      - DENY
      X-Request-Id:
      - 78acaa19-fb42-493d-a8a8-86f4ff75e705
    status: 204 No Content
    code: 204
    duration: ""
- request:
    body: ""
    form: {}
    headers:
      User-Agent:
      - scaleway-sdk-go/v1.0.0-beta.7+dev (go1.20.3; darwin; amd64) terraform-provider/develop
        terraform/terraform-tests
    url: https://api.scaleway.com/instance/v1/zones/fr-par-1/ips/70b41ec6-1153-49ef-bf41-78720df48a04
    method: GET
  response:
    body: '{"ip":{"address":"212.47.244.7","id":"70b41ec6-1153-49ef-bf41-78720df48a04","organization":"105bdce1-64c0-48ab-899d-868455867ecf","prefix":null,"project":"105bdce1-64c0-48ab-899d-868455867ecf","reverse":null,"server":null,"state":"attached","tags":[],"type":"nat","zone":"fr-par-1"}}'
    headers:
      Content-Length:
      - "305"
      Content-Security-Policy:
      - default-src 'none'; frame-ancestors 'none'
      Content-Type:
      - application/json
      Date:
      - Fri, 28 Jul 2023 13:23:44 GMT
      Server:
      - Scaleway API-Gateway
      Strict-Transport-Security:
      - max-age=63072000
      X-Content-Type-Options:
      - nosniff
      X-Frame-Options:
      - DENY
      X-Request-Id:
      - b256d788-75c4-44f5-9468-158e66c45310
    status: 200 OK
    code: 200
    duration: ""
- request:
    body: ""
    form: {}
    headers:
      User-Agent:
      - scaleway-sdk-go/v1.0.0-beta.7+dev (go1.20.3; darwin; amd64) terraform-provider/develop
        terraform/terraform-tests
    url: https://api.scaleway.com/instance/v1/zones/fr-par-1/ips/70b41ec6-1153-49ef-bf41-78720df48a04
    method: DELETE
  response:
    body: ""
    headers:
      Content-Security-Policy:
      - default-src 'none'; frame-ancestors 'none'
      Date:
      - Fri, 28 Jul 2023 13:23:44 GMT
      Server:
      - Scaleway API-Gateway
      Strict-Transport-Security:
      - max-age=63072000
      X-Content-Type-Options:
      - nosniff
      X-Frame-Options:
      - DENY
      X-Request-Id:
      - 76b8a437-da6b-45d0-b63a-16fd62cc4dd7
    status: 204 No Content
    code: 204
    duration: ""
- request:
    body: ""
    form: {}
    headers:
      User-Agent:
      - scaleway-sdk-go/v1.0.0-beta.7+dev (go1.20.3; darwin; amd64) terraform-provider/develop
        terraform/terraform-tests
    url: https://api.scaleway.com/instance/v1/zones/fr-par-1/ips/70b41ec6-1153-49ef-bf41-78720df48a04
    method: GET
  response:
    body: '{"message":"insufficient permissions","type":"authorization_required"}'
    headers:
      Content-Length:
      - "73"
      Content-Security-Policy:
      - default-src 'none'; frame-ancestors 'none'
      Content-Type:
      - application/json
      Date:
      - Fri, 28 Jul 2023 13:24:01 GMT
      Server:
      - Scaleway API-Gateway
      Strict-Transport-Security:
      - max-age=63072000
      X-Content-Type-Options:
      - nosniff
      X-Frame-Options:
      - DENY
      X-Request-Id:
      - 7943e9ee-5344-47de-8a31-7fdc1ada117b
    status: 403 Forbidden
    code: 403
    duration: ""
