---
version: 1
interactions:
- request:
    body: '{"project_id":"105bdce1-64c0-48ab-899d-868455867ecf","name":"secretNameBasic","tags":["devtools","provider","terraform"],"description":"secret
      description"}'
    form: {}
    headers:
      Content-Type:
      - application/json
      User-Agent:
      - scaleway-sdk-go/v1.0.0-beta.7+dev (go1.19; darwin; amd64) terraform-provider/develop
        terraform/terraform-tests
    url: https://api.scaleway.com/secret-manager/v1alpha1/regions/fr-par/secrets
    method: POST
  response:
    body: '{"created_at":"2023-02-22T21:38:17.868211Z","description":"secret description","id":"575ce7ca-8966-431d-9bed-f3e10f8d1884","name":"secretNameBasic","project_id":"105bdce1-64c0-48ab-899d-868455867ecf","region":"fr-par","status":"ready","tags":["devtools","provider","terraform"],"updated_at":"2023-02-22T21:38:17.868211Z","version_count":0}'
    headers:
      Content-Length:
      - "350"
      Content-Security-Policy:
      - default-src 'none'; frame-ancestors 'none'
      Content-Type:
      - application/json
      Date:
      - Wed, 22 Feb 2023 21:38:17 GMT
      Server:
      - Scaleway API-Gateway
      Strict-Transport-Security:
      - max-age=63072000
      X-Content-Type-Options:
      - nosniff
      X-Frame-Options:
      - DENY
      X-Request-Id:
      - 27349550-ed8c-473d-b664-37eca6616c9e
    status: 200 OK
    code: 200
    duration: ""
- request:
    body: ""
    form: {}
    headers:
      User-Agent:
      - scaleway-sdk-go/v1.0.0-beta.7+dev (go1.19; darwin; amd64) terraform-provider/develop
        terraform/terraform-tests
    url: https://api.scaleway.com/secret-manager/v1alpha1/regions/fr-par/secrets/575ce7ca-8966-431d-9bed-f3e10f8d1884
    method: GET
  response:
    body: '{"created_at":"2023-02-22T21:38:17.868211Z","description":"secret description","id":"575ce7ca-8966-431d-9bed-f3e10f8d1884","name":"secretNameBasic","project_id":"105bdce1-64c0-48ab-899d-868455867ecf","region":"fr-par","status":"ready","tags":["devtools","provider","terraform"],"updated_at":"2023-02-22T21:38:17.868211Z","version_count":0}'
    headers:
      Content-Length:
      - "350"
      Content-Security-Policy:
      - default-src 'none'; frame-ancestors 'none'
      Content-Type:
      - application/json
      Date:
      - Wed, 22 Feb 2023 21:38:17 GMT
      Server:
      - Scaleway API-Gateway
      Strict-Transport-Security:
      - max-age=63072000
      X-Content-Type-Options:
      - nosniff
      X-Frame-Options:
      - DENY
      X-Request-Id:
      - 7bc6fdeb-2055-491e-8000-2bcf782573b8
    status: 200 OK
    code: 200
    duration: ""
- request:
    body: ""
    form: {}
    headers:
      User-Agent:
      - scaleway-sdk-go/v1.0.0-beta.7+dev (go1.19; darwin; amd64) terraform-provider/develop
        terraform/terraform-tests
    url: https://api.scaleway.com/secret-manager/v1alpha1/regions/fr-par/secrets/575ce7ca-8966-431d-9bed-f3e10f8d1884
    method: GET
  response:
    body: '{"created_at":"2023-02-22T21:38:17.868211Z","description":"secret description","id":"575ce7ca-8966-431d-9bed-f3e10f8d1884","name":"secretNameBasic","project_id":"105bdce1-64c0-48ab-899d-868455867ecf","region":"fr-par","status":"ready","tags":["devtools","provider","terraform"],"updated_at":"2023-02-22T21:38:17.868211Z","version_count":0}'
    headers:
      Content-Length:
      - "350"
      Content-Security-Policy:
      - default-src 'none'; frame-ancestors 'none'
      Content-Type:
      - application/json
      Date:
      - Wed, 22 Feb 2023 21:38:18 GMT
      Server:
      - Scaleway API-Gateway
      Strict-Transport-Security:
      - max-age=63072000
      X-Content-Type-Options:
      - nosniff
      X-Frame-Options:
      - DENY
      X-Request-Id:
      - 38aac2ec-f54d-44e4-8c2d-20643086ab4e
    status: 200 OK
    code: 200
    duration: ""
- request:
    body: ""
    form: {}
    headers:
      User-Agent:
      - scaleway-sdk-go/v1.0.0-beta.7+dev (go1.19; darwin; amd64) terraform-provider/develop
        terraform/terraform-tests
    url: https://api.scaleway.com/secret-manager/v1alpha1/regions/fr-par/secrets/575ce7ca-8966-431d-9bed-f3e10f8d1884
    method: GET
  response:
    body: '{"created_at":"2023-02-22T21:38:17.868211Z","description":"secret description","id":"575ce7ca-8966-431d-9bed-f3e10f8d1884","name":"secretNameBasic","project_id":"105bdce1-64c0-48ab-899d-868455867ecf","region":"fr-par","status":"ready","tags":["devtools","provider","terraform"],"updated_at":"2023-02-22T21:38:17.868211Z","version_count":0}'
    headers:
      Content-Length:
      - "350"
      Content-Security-Policy:
      - default-src 'none'; frame-ancestors 'none'
      Content-Type:
      - application/json
      Date:
      - Wed, 22 Feb 2023 21:38:18 GMT
      Server:
      - Scaleway API-Gateway
      Strict-Transport-Security:
      - max-age=63072000
      X-Content-Type-Options:
      - nosniff
      X-Frame-Options:
      - DENY
      X-Request-Id:
      - 30e63dcf-622e-4773-8fce-1ea133201d36
    status: 200 OK
    code: 200
    duration: ""
- request:
    body: ""
    form: {}
    headers:
      User-Agent:
      - scaleway-sdk-go/v1.0.0-beta.7+dev (go1.19; darwin; amd64) terraform-provider/develop
        terraform/terraform-tests
    url: https://api.scaleway.com/secret-manager/v1alpha1/regions/fr-par/secrets/575ce7ca-8966-431d-9bed-f3e10f8d1884
    method: GET
  response:
    body: '{"created_at":"2023-02-22T21:38:17.868211Z","description":"secret description","id":"575ce7ca-8966-431d-9bed-f3e10f8d1884","name":"secretNameBasic","project_id":"105bdce1-64c0-48ab-899d-868455867ecf","region":"fr-par","status":"ready","tags":["devtools","provider","terraform"],"updated_at":"2023-02-22T21:38:17.868211Z","version_count":0}'
    headers:
      Content-Length:
      - "350"
      Content-Security-Policy:
      - default-src 'none'; frame-ancestors 'none'
      Content-Type:
      - application/json
      Date:
      - Wed, 22 Feb 2023 21:38:18 GMT
      Server:
      - Scaleway API-Gateway
      Strict-Transport-Security:
      - max-age=63072000
      X-Content-Type-Options:
      - nosniff
      X-Frame-Options:
      - DENY
      X-Request-Id:
      - a44797f5-f27e-4e08-93e6-abfb16356d8e
    status: 200 OK
    code: 200
    duration: ""
- request:
    body: '{"name":"secretNameBasicUpdated","tags":["devtools"],"description":"update
      description"}'
    form: {}
    headers:
      Content-Type:
      - application/json
      User-Agent:
      - scaleway-sdk-go/v1.0.0-beta.7+dev (go1.19; darwin; amd64) terraform-provider/develop
        terraform/terraform-tests
    url: https://api.scaleway.com/secret-manager/v1alpha1/regions/fr-par/secrets/575ce7ca-8966-431d-9bed-f3e10f8d1884
    method: PATCH
  response:
    body: '{"created_at":"2023-02-22T21:38:17.868211Z","description":"update description","id":"575ce7ca-8966-431d-9bed-f3e10f8d1884","name":"secretNameBasicUpdated","project_id":"105bdce1-64c0-48ab-899d-868455867ecf","region":"fr-par","status":"ready","tags":["devtools"],"updated_at":"2023-02-22T21:38:19.044811Z","version_count":0}'
    headers:
      Content-Length:
      - "332"
      Content-Security-Policy:
      - default-src 'none'; frame-ancestors 'none'
      Content-Type:
      - application/json
      Date:
      - Wed, 22 Feb 2023 21:38:19 GMT
      Server:
      - Scaleway API-Gateway
      Strict-Transport-Security:
      - max-age=63072000
      X-Content-Type-Options:
      - nosniff
      X-Frame-Options:
      - DENY
      X-Request-Id:
      - f1281a4e-b8cf-4cb6-a34c-4c01d6bd65f9
    status: 200 OK
    code: 200
    duration: ""
- request:
    body: ""
    form: {}
    headers:
      User-Agent:
      - scaleway-sdk-go/v1.0.0-beta.7+dev (go1.19; darwin; amd64) terraform-provider/develop
        terraform/terraform-tests
    url: https://api.scaleway.com/secret-manager/v1alpha1/regions/fr-par/secrets/575ce7ca-8966-431d-9bed-f3e10f8d1884
    method: GET
  response:
    body: '{"created_at":"2023-02-22T21:38:17.868211Z","description":"update description","id":"575ce7ca-8966-431d-9bed-f3e10f8d1884","name":"secretNameBasicUpdated","project_id":"105bdce1-64c0-48ab-899d-868455867ecf","region":"fr-par","status":"ready","tags":["devtools"],"updated_at":"2023-02-22T21:38:19.044811Z","version_count":0}'
    headers:
      Content-Length:
      - "332"
      Content-Security-Policy:
      - default-src 'none'; frame-ancestors 'none'
      Content-Type:
      - application/json
      Date:
      - Wed, 22 Feb 2023 21:38:19 GMT
      Server:
      - Scaleway API-Gateway
      Strict-Transport-Security:
      - max-age=63072000
      X-Content-Type-Options:
      - nosniff
      X-Frame-Options:
      - DENY
      X-Request-Id:
      - 9a331ab7-7064-4f14-b37e-d205fcd38901
    status: 200 OK
    code: 200
    duration: ""
- request:
    body: ""
    form: {}
    headers:
      User-Agent:
      - scaleway-sdk-go/v1.0.0-beta.7+dev (go1.19; darwin; amd64) terraform-provider/develop
        terraform/terraform-tests
    url: https://api.scaleway.com/secret-manager/v1alpha1/regions/fr-par/secrets/575ce7ca-8966-431d-9bed-f3e10f8d1884
    method: GET
  response:
    body: '{"created_at":"2023-02-22T21:38:17.868211Z","description":"update description","id":"575ce7ca-8966-431d-9bed-f3e10f8d1884","name":"secretNameBasicUpdated","project_id":"105bdce1-64c0-48ab-899d-868455867ecf","region":"fr-par","status":"ready","tags":["devtools"],"updated_at":"2023-02-22T21:38:19.044811Z","version_count":0}'
    headers:
      Content-Length:
      - "332"
      Content-Security-Policy:
      - default-src 'none'; frame-ancestors 'none'
      Content-Type:
      - application/json
      Date:
      - Wed, 22 Feb 2023 21:38:19 GMT
      Server:
      - Scaleway API-Gateway
      Strict-Transport-Security:
      - max-age=63072000
      X-Content-Type-Options:
      - nosniff
      X-Frame-Options:
      - DENY
      X-Request-Id:
      - 9a6b0d4f-eab4-453e-88f9-98c7690074f7
    status: 200 OK
    code: 200
    duration: ""
- request:
    body: ""
    form: {}
    headers:
      User-Agent:
      - scaleway-sdk-go/v1.0.0-beta.7+dev (go1.19; darwin; amd64) terraform-provider/develop
        terraform/terraform-tests
    url: https://api.scaleway.com/secret-manager/v1alpha1/regions/fr-par/secrets/575ce7ca-8966-431d-9bed-f3e10f8d1884
    method: GET
  response:
    body: '{"created_at":"2023-02-22T21:38:17.868211Z","description":"update description","id":"575ce7ca-8966-431d-9bed-f3e10f8d1884","name":"secretNameBasicUpdated","project_id":"105bdce1-64c0-48ab-899d-868455867ecf","region":"fr-par","status":"ready","tags":["devtools"],"updated_at":"2023-02-22T21:38:19.044811Z","version_count":0}'
    headers:
      Content-Length:
      - "332"
      Content-Security-Policy:
      - default-src 'none'; frame-ancestors 'none'
      Content-Type:
      - application/json
      Date:
      - Wed, 22 Feb 2023 21:38:19 GMT
      Server:
      - Scaleway API-Gateway
      Strict-Transport-Security:
      - max-age=63072000
      X-Content-Type-Options:
      - nosniff
      X-Frame-Options:
      - DENY
      X-Request-Id:
      - 1726668b-a123-49c8-ad45-fbfde92fe3c5
    status: 200 OK
    code: 200
    duration: ""
- request:
    body: ""
    form: {}
    headers:
      User-Agent:
      - scaleway-sdk-go/v1.0.0-beta.7+dev (go1.19; darwin; amd64) terraform-provider/develop
        terraform/terraform-tests
    url: https://api.scaleway.com/secret-manager/v1alpha1/regions/fr-par/secrets/575ce7ca-8966-431d-9bed-f3e10f8d1884
    method: GET
  response:
    body: '{"created_at":"2023-02-22T21:38:17.868211Z","description":"update description","id":"575ce7ca-8966-431d-9bed-f3e10f8d1884","name":"secretNameBasicUpdated","project_id":"105bdce1-64c0-48ab-899d-868455867ecf","region":"fr-par","status":"ready","tags":["devtools"],"updated_at":"2023-02-22T21:38:19.044811Z","version_count":0}'
    headers:
      Content-Length:
      - "332"
      Content-Security-Policy:
      - default-src 'none'; frame-ancestors 'none'
      Content-Type:
      - application/json
      Date:
      - Wed, 22 Feb 2023 21:38:19 GMT
      Server:
      - Scaleway API-Gateway
      Strict-Transport-Security:
      - max-age=63072000
      X-Content-Type-Options:
      - nosniff
      X-Frame-Options:
      - DENY
      X-Request-Id:
      - 413657fa-a2ac-49bd-a6e8-bea562b2c5ec
    status: 200 OK
    code: 200
    duration: ""
- request:
    body: '{"name":"secretNameBasic","tags":[],"description":""}'
    form: {}
    headers:
      Content-Type:
      - application/json
      User-Agent:
      - scaleway-sdk-go/v1.0.0-beta.7+dev (go1.19; darwin; amd64) terraform-provider/develop
        terraform/terraform-tests
    url: https://api.scaleway.com/secret-manager/v1alpha1/regions/fr-par/secrets/575ce7ca-8966-431d-9bed-f3e10f8d1884
    method: PATCH
  response:
    body: '{"created_at":"2023-02-22T21:38:17.868211Z","description":"","id":"575ce7ca-8966-431d-9bed-f3e10f8d1884","name":"secretNameBasic","project_id":"105bdce1-64c0-48ab-899d-868455867ecf","region":"fr-par","status":"ready","tags":[],"updated_at":"2023-02-22T21:38:20.238028Z","version_count":0}'
    headers:
      Content-Length:
      - "297"
      Content-Security-Policy:
      - default-src 'none'; frame-ancestors 'none'
      Content-Type:
      - application/json
      Date:
      - Wed, 22 Feb 2023 21:38:20 GMT
      Server:
      - Scaleway API-Gateway
      Strict-Transport-Security:
      - max-age=63072000
      X-Content-Type-Options:
      - nosniff
      X-Frame-Options:
      - DENY
      X-Request-Id:
      - 1e0b774f-096d-4243-b74d-4e4039027781
    status: 200 OK
    code: 200
    duration: ""
- request:
    body: ""
    form: {}
    headers:
      User-Agent:
      - scaleway-sdk-go/v1.0.0-beta.7+dev (go1.19; darwin; amd64) terraform-provider/develop
        terraform/terraform-tests
    url: https://api.scaleway.com/secret-manager/v1alpha1/regions/fr-par/secrets/575ce7ca-8966-431d-9bed-f3e10f8d1884
    method: GET
  response:
    body: '{"created_at":"2023-02-22T21:38:17.868211Z","description":"","id":"575ce7ca-8966-431d-9bed-f3e10f8d1884","name":"secretNameBasic","project_id":"105bdce1-64c0-48ab-899d-868455867ecf","region":"fr-par","status":"ready","tags":[],"updated_at":"2023-02-22T21:38:20.238028Z","version_count":0}'
    headers:
      Content-Length:
      - "297"
      Content-Security-Policy:
      - default-src 'none'; frame-ancestors 'none'
      Content-Type:
      - application/json
      Date:
      - Wed, 22 Feb 2023 21:38:20 GMT
      Server:
      - Scaleway API-Gateway
      Strict-Transport-Security:
      - max-age=63072000
      X-Content-Type-Options:
      - nosniff
      X-Frame-Options:
      - DENY
      X-Request-Id:
      - 39e3a2b0-6d69-4029-a70b-5ff80e69f016
    status: 200 OK
    code: 200
    duration: ""
- request:
    body: ""
    form: {}
    headers:
      User-Agent:
      - scaleway-sdk-go/v1.0.0-beta.7+dev (go1.19; darwin; amd64) terraform-provider/develop
        terraform/terraform-tests
    url: https://api.scaleway.com/secret-manager/v1alpha1/regions/fr-par/secrets/575ce7ca-8966-431d-9bed-f3e10f8d1884
    method: GET
  response:
    body: '{"created_at":"2023-02-22T21:38:17.868211Z","description":"","id":"575ce7ca-8966-431d-9bed-f3e10f8d1884","name":"secretNameBasic","project_id":"105bdce1-64c0-48ab-899d-868455867ecf","region":"fr-par","status":"ready","tags":[],"updated_at":"2023-02-22T21:38:20.238028Z","version_count":0}'
    headers:
      Content-Length:
      - "297"
      Content-Security-Policy:
      - default-src 'none'; frame-ancestors 'none'
      Content-Type:
      - application/json
      Date:
      - Wed, 22 Feb 2023 21:38:20 GMT
      Server:
      - Scaleway API-Gateway
      Strict-Transport-Security:
      - max-age=63072000
      X-Content-Type-Options:
      - nosniff
      X-Frame-Options:
      - DENY
      X-Request-Id:
      - 2b7b821e-afe1-4695-866c-a984d238e38e
    status: 200 OK
    code: 200
    duration: ""
- request:
    body: ""
    form: {}
    headers:
      User-Agent:
      - scaleway-sdk-go/v1.0.0-beta.7+dev (go1.19; darwin; amd64) terraform-provider/develop
        terraform/terraform-tests
    url: https://api.scaleway.com/secret-manager/v1alpha1/regions/fr-par/secrets/575ce7ca-8966-431d-9bed-f3e10f8d1884
    method: GET
  response:
    body: '{"created_at":"2023-02-22T21:38:17.868211Z","description":"","id":"575ce7ca-8966-431d-9bed-f3e10f8d1884","name":"secretNameBasic","project_id":"105bdce1-64c0-48ab-899d-868455867ecf","region":"fr-par","status":"ready","tags":[],"updated_at":"2023-02-22T21:38:20.238028Z","version_count":0}'
    headers:
      Content-Length:
      - "297"
      Content-Security-Policy:
      - default-src 'none'; frame-ancestors 'none'
      Content-Type:
      - application/json
      Date:
      - Wed, 22 Feb 2023 21:38:20 GMT
      Server:
      - Scaleway API-Gateway
      Strict-Transport-Security:
      - max-age=63072000
      X-Content-Type-Options:
      - nosniff
      X-Frame-Options:
      - DENY
      X-Request-Id:
      - cff718e3-71c3-4cb0-a157-04d96636f252
    status: 200 OK
    code: 200
    duration: ""
- request:
    body: ""
    form: {}
    headers:
      User-Agent:
      - scaleway-sdk-go/v1.0.0-beta.7+dev (go1.19; darwin; amd64) terraform-provider/develop
        terraform/terraform-tests
    url: https://api.scaleway.com/secret-manager/v1alpha1/regions/fr-par/secrets/575ce7ca-8966-431d-9bed-f3e10f8d1884
    method: DELETE
  response:
    body: ""
    headers:
      Content-Security-Policy:
      - default-src 'none'; frame-ancestors 'none'
      Content-Type:
      - application/json
      Date:
      - Wed, 22 Feb 2023 21:38:21 GMT
      Server:
      - Scaleway API-Gateway
      Strict-Transport-Security:
      - max-age=63072000
      X-Content-Type-Options:
      - nosniff
      X-Frame-Options:
      - DENY
      X-Request-Id:
      - 1c861d55-7b00-4e53-b5c9-8d1940c65535
    status: 204 No Content
    code: 204
    duration: ""
- request:
    body: ""
    form: {}
    headers:
      User-Agent:
      - scaleway-sdk-go/v1.0.0-beta.7+dev (go1.19; darwin; amd64) terraform-provider/develop
        terraform/terraform-tests
    url: https://api.scaleway.com/secret-manager/v1alpha1/regions/fr-par/secrets/575ce7ca-8966-431d-9bed-f3e10f8d1884
    method: GET
  response:
    body: '{"message":"resource is not found","resource":"secret","resource_id":"575ce7ca-8966-431d-9bed-f3e10f8d1884","type":"not_found"}'
    headers:
      Content-Length:
      - "127"
      Content-Security-Policy:
      - default-src 'none'; frame-ancestors 'none'
      Content-Type:
      - application/json
      Date:
      - Wed, 22 Feb 2023 21:38:21 GMT
      Server:
      - Scaleway API-Gateway
      Strict-Transport-Security:
      - max-age=63072000
      X-Content-Type-Options:
      - nosniff
      X-Frame-Options:
      - DENY
      X-Request-Id:
      - 3d537784-c6d5-4fab-9615-54071d540654
    status: 404 Not Found
    code: 404
    duration: ""
